---
source: crates/awbw-replay/tests/snapshots.rs
expression: snapshot
input_file: assets/replays/1419680.zip
---
{
  "checksum": "0x9f0789199891e6e969539eb22a1c9b3dc21cb29a2653bdfe6940dd94ebac6f31"
}
