---
source: crates/awbw-replay/tests/snapshots.rs
expression: snapshot
input_file: assets/replays/1391406.zip
---
{
  "checksum": "0x3f59ec8e8030d729c018556bdf7110df65ea919acfc2d5d612ddee576bfb5de8"
}
